===== SYSTEM MONITOR REPORT =====
Date & Time: Sun Feb  8 22:34:07 PKT 2026

----- CPU USAGE -----
CPU usage: 17.60% user, 27.24% sys, 55.14% idle 

----- MEMORY USAGE -----
Mach Virtual Memory Statistics: (page size of 4096 bytes)
Pages free:                               30541.
Pages active:                            556648.
Pages inactive:                          551921.
Pages speculative:                         5640.
Pages throttled:                              0.
Pages wired down:                        684054.
Pages purgeable:                          31872.
"Translation faults":                8634443927.
Pages copy-on-write:                  593368539.
Pages zero filled:                   3306463344.
Pages reactivated:                    903025998.
Pages purged:                         169038515.
File-backed pages:                       385599.
Anonymous pages:                         728610.
Pages stored in compressor:             2601078.
Pages occupied by compressor:            268124.
Decompressions:                      1519081609.
Compressions:                        1971275991.
Pageins:                              316208710.
Pageouts:                              13147956.
Swapins:                              977180664.
Swapouts:                             995290254.

----- DISK USAGE -----
Filesystem        Size    Used   Avail Capacity iused ifree %iused  Mounted on
/dev/disk1s2s1   233Gi    14Gi    25Gi    36%    425k  266M    0%   /
devfs            198Ki   198Ki     0Bi   100%     686     0  100%   /dev
/dev/disk1s3     233Gi   4.3Gi    25Gi    15%    1.6k  266M    0%   /System/Volumes/Preboot
/dev/disk1s7     233Gi   4.0Gi    25Gi    14%       4  266M    0%   /System/Volumes/VM
/dev/disk1s5     233Gi    70Mi    25Gi     1%     750  266M    0%   /System/Volumes/Update
/dev/disk1s6     233Gi   172Gi    25Gi    88%    1.7M  266M    1%   /System/Volumes/Data
/dev/disk1s1     233Gi    13Gi    25Gi    34%    394k  266M    0%   /Volumes/Macintosh HD
map auto_home      0Bi     0Bi     0Bi   100%       0     0     -   /System/Volumes/Data/home
/dev/disk1s2     233Gi    14Gi    25Gi    36%    427k  266M    0%   /System/Volumes/Update/mnt1
/dev/disk2s1     354Mi   315Mi    39Mi    90%      55  4.3G    0%   /Volumes/Ollama

----- TOP 5 PROCESSES BY CPU USAGE -----
 26.2   121 /usr/libexec/opendirectoryd
 17.0 36931 /System/Library/PrivateFrameworks/FileProvider.framework/Support/fileproviderd
 11.3 36467 /System/Library/PrivateFrameworks/SkyLight.framework/Resources/WindowServer
  5.9 36896 /System/Library/CoreServices/Finder.app/Contents/MacOS/Finder
  4.6 95653 /System/Applications/Utilities/Terminal.app/Contents/MacOS/Terminal
  4.2   286 /System/Library/Frameworks/CoreServices.framework/Frameworks/Metadata.framework/Versions/A/Support/mds_stores

